FRESH_PREFLIGHT; OLD377_AND_PARTIAL_READONLY
START_WRITTEN=True; DISCOVERY_REMAINING390; WORKERS=4; OLD377_NOT_RECOMPUTED
NEW_COMMITTED=0/390 OLD_PRESERVED=377 OLD_PARTIAL_HOLD=1 LIVE_WORKERS=4
NEW_COMMITTED=0/390 OLD_PRESERVED=377 OLD_PARTIAL_HOLD=1 LIVE_WORKERS=4
NEW_COMMITTED=2/390 OLD_PRESERVED=377 OLD_PARTIAL_HOLD=1 LIVE_WORKERS=4
NEW_COMMITTED=4/390 OLD_PRESERVED=377 OLD_PARTIAL_HOLD=1 LIVE_WORKERS=4
NEW_COMMITTED=7/390 OLD_PRESERVED=377 OLD_PARTIAL_HOLD=1 LIVE_WORKERS=4
NEW_COMMITTED=9/390 OLD_PRESERVED=377 OLD_PARTIAL_HOLD=1 LIVE_WORKERS=4
NEW_COMMITTED=12/390 OLD_PRESERVED=377 OLD_PARTIAL_HOLD=1 LIVE_WORKERS=4
NEW_COMMITTED=15/390 OLD_PRESERVED=377 OLD_PARTIAL_HOLD=1 LIVE_WORKERS=4
NEW_COMMITTED=16/390 OLD_PRESERVED=377 OLD_PARTIAL_HOLD=1 LIVE_WORKERS=4
NEW_COMMITTED=19/390 OLD_PRESERVED=377 OLD_PARTIAL_HOLD=1 LIVE_WORKERS=4
NEW_COMMITTED=21/390 OLD_PRESERVED=377 OLD_PARTIAL_HOLD=1 LIVE_WORKERS=4
NEW_COMMITTED=23/390 OLD_PRESERVED=377 OLD_PARTIAL_HOLD=1 LIVE_WORKERS=4
NEW_COMMITTED=26/390 OLD_PRESERVED=377 OLD_PARTIAL_HOLD=1 LIVE_WORKERS=4
NEW_COMMITTED=28/390 OLD_PRESERVED=377 OLD_PARTIAL_HOLD=1 LIVE_WORKERS=4
NEW_COMMITTED=31/390 OLD_PRESERVED=377 OLD_PARTIAL_HOLD=1 LIVE_WORKERS=4
NEW_COMMITTED=33/390 OLD_PRESERVED=377 OLD_PARTIAL_HOLD=1 LIVE_WORKERS=4
NEW_COMMITTED=36/390 OLD_PRESERVED=377 OLD_PARTIAL_HOLD=1 LIVE_WORKERS=4
NEW_COMMITTED=38/390 OLD_PRESERVED=377 OLD_PARTIAL_HOLD=1 LIVE_WORKERS=4
NEW_COMMITTED=41/390 OLD_PRESERVED=377 OLD_PARTIAL_HOLD=1 LIVE_WORKERS=4
NEW_COMMITTED=44/390 OLD_PRESERVED=377 OLD_PARTIAL_HOLD=1 LIVE_WORKERS=4
NEW_COMMITTED=46/390 OLD_PRESERVED=377 OLD_PARTIAL_HOLD=1 LIVE_WORKERS=4
NEW_COMMITTED=50/390 OLD_PRESERVED=377 OLD_PARTIAL_HOLD=1 LIVE_WORKERS=4
NEW_COMMITTED=52/390 OLD_PRESERVED=377 OLD_PARTIAL_HOLD=1 LIVE_WORKERS=4
NEW_COMMITTED=54/390 OLD_PRESERVED=377 OLD_PARTIAL_HOLD=1 LIVE_WORKERS=4
NEW_COMMITTED=58/390 OLD_PRESERVED=377 OLD_PARTIAL_HOLD=1 LIVE_WORKERS=4
NEW_COMMITTED=61/390 OLD_PRESERVED=377 OLD_PARTIAL_HOLD=1 LIVE_WORKERS=4
NEW_COMMITTED=64/390 OLD_PRESERVED=377 OLD_PARTIAL_HOLD=1 LIVE_WORKERS=4
NEW_COMMITTED=66/390 OLD_PRESERVED=377 OLD_PARTIAL_HOLD=1 LIVE_WORKERS=4
NEW_COMMITTED=69/390 OLD_PRESERVED=377 OLD_PARTIAL_HOLD=1 LIVE_WORKERS=4
NEW_COMMITTED=71/390 OLD_PRESERVED=377 OLD_PARTIAL_HOLD=1 LIVE_WORKERS=4
NEW_COMMITTED=74/390 OLD_PRESERVED=377 OLD_PARTIAL_HOLD=1 LIVE_WORKERS=4
NEW_COMMITTED=77/390 OLD_PRESERVED=377 OLD_PARTIAL_HOLD=1 LIVE_WORKERS=4
NEW_COMMITTED=80/390 OLD_PRESERVED=377 OLD_PARTIAL_HOLD=1 LIVE_WORKERS=4
NEW_COMMITTED=83/390 OLD_PRESERVED=377 OLD_PARTIAL_HOLD=1 LIVE_WORKERS=4
NEW_COMMITTED=86/390 OLD_PRESERVED=377 OLD_PARTIAL_HOLD=1 LIVE_WORKERS=4
NEW_COMMITTED=88/390 OLD_PRESERVED=377 OLD_PARTIAL_HOLD=1 LIVE_WORKERS=4
NEW_COMMITTED=92/390 OLD_PRESERVED=377 OLD_PARTIAL_HOLD=1 LIVE_WORKERS=4
NEW_COMMITTED=95/390 OLD_PRESERVED=377 OLD_PARTIAL_HOLD=1 LIVE_WORKERS=4
NEW_COMMITTED=98/390 OLD_PRESERVED=377 OLD_PARTIAL_HOLD=1 LIVE_WORKERS=4
NEW_COMMITTED=102/390 OLD_PRESERVED=377 OLD_PARTIAL_HOLD=1 LIVE_WORKERS=4
NEW_COMMITTED=105/390 OLD_PRESERVED=377 OLD_PARTIAL_HOLD=1 LIVE_WORKERS=4
NEW_COMMITTED=107/390 OLD_PRESERVED=377 OLD_PARTIAL_HOLD=1 LIVE_WORKERS=4
NEW_COMMITTED=110/390 OLD_PRESERVED=377 OLD_PARTIAL_HOLD=1 LIVE_WORKERS=4
NEW_COMMITTED=114/390 OLD_PRESERVED=377 OLD_PARTIAL_HOLD=1 LIVE_WORKERS=4
NEW_COMMITTED=116/390 OLD_PRESERVED=377 OLD_PARTIAL_HOLD=1 LIVE_WORKERS=4
NEW_COMMITTED=119/390 OLD_PRESERVED=377 OLD_PARTIAL_HOLD=1 LIVE_WORKERS=4
NEW_COMMITTED=120/390 OLD_PRESERVED=377 OLD_PARTIAL_HOLD=1 LIVE_WORKERS=4
NEW_COMMITTED=123/390 OLD_PRESERVED=377 OLD_PARTIAL_HOLD=1 LIVE_WORKERS=4
NEW_COMMITTED=124/390 OLD_PRESERVED=377 OLD_PARTIAL_HOLD=1 LIVE_WORKERS=4
NEW_COMMITTED=128/390 OLD_PRESERVED=377 OLD_PARTIAL_HOLD=1 LIVE_WORKERS=4
NEW_COMMITTED=129/390 OLD_PRESERVED=377 OLD_PARTIAL_HOLD=1 LIVE_WORKERS=4
NEW_COMMITTED=131/390 OLD_PRESERVED=377 OLD_PARTIAL_HOLD=1 LIVE_WORKERS=4
NEW_COMMITTED=135/390 OLD_PRESERVED=377 OLD_PARTIAL_HOLD=1 LIVE_WORKERS=4
NEW_COMMITTED=135/390 OLD_PRESERVED=377 OLD_PARTIAL_HOLD=1 LIVE_WORKERS=4
NEW_COMMITTED=139/390 OLD_PRESERVED=377 OLD_PARTIAL_HOLD=1 LIVE_WORKERS=4
NEW_COMMITTED=140/390 OLD_PRESERVED=377 OLD_PARTIAL_HOLD=1 LIVE_WORKERS=4
NEW_COMMITTED=143/390 OLD_PRESERVED=377 OLD_PARTIAL_HOLD=1 LIVE_WORKERS=4
NEW_COMMITTED=143/390 OLD_PRESERVED=377 OLD_PARTIAL_HOLD=1 LIVE_WORKERS=4
NEW_COMMITTED=145/390 OLD_PRESERVED=377 OLD_PARTIAL_HOLD=1 LIVE_WORKERS=4
NEW_COMMITTED=148/390 OLD_PRESERVED=377 OLD_PARTIAL_HOLD=1 LIVE_WORKERS=4
NEW_COMMITTED=150/390 OLD_PRESERVED=377 OLD_PARTIAL_HOLD=1 LIVE_WORKERS=4
NEW_COMMITTED=152/390 OLD_PRESERVED=377 OLD_PARTIAL_HOLD=1 LIVE_WORKERS=4
NEW_COMMITTED=155/390 OLD_PRESERVED=377 OLD_PARTIAL_HOLD=1 LIVE_WORKERS=4
NEW_COMMITTED=156/390 OLD_PRESERVED=377 OLD_PARTIAL_HOLD=1 LIVE_WORKERS=4
NEW_COMMITTED=157/390 OLD_PRESERVED=377 OLD_PARTIAL_HOLD=1 LIVE_WORKERS=4
NEW_COMMITTED=159/390 OLD_PRESERVED=377 OLD_PARTIAL_HOLD=1 LIVE_WORKERS=4
NEW_COMMITTED=160/390 OLD_PRESERVED=377 OLD_PARTIAL_HOLD=1 LIVE_WORKERS=4
NEW_COMMITTED=163/390 OLD_PRESERVED=377 OLD_PARTIAL_HOLD=1 LIVE_WORKERS=4
NEW_COMMITTED=164/390 OLD_PRESERVED=377 OLD_PARTIAL_HOLD=1 LIVE_WORKERS=4
NEW_COMMITTED=166/390 OLD_PRESERVED=377 OLD_PARTIAL_HOLD=1 LIVE_WORKERS=4
NEW_COMMITTED=168/390 OLD_PRESERVED=377 OLD_PARTIAL_HOLD=1 LIVE_WORKERS=4
NEW_COMMITTED=168/390 OLD_PRESERVED=377 OLD_PARTIAL_HOLD=1 LIVE_WORKERS=4
NEW_COMMITTED=171/390 OLD_PRESERVED=377 OLD_PARTIAL_HOLD=1 LIVE_WORKERS=4
NEW_COMMITTED=172/390 OLD_PRESERVED=377 OLD_PARTIAL_HOLD=1 LIVE_WORKERS=4
NEW_COMMITTED=175/390 OLD_PRESERVED=377 OLD_PARTIAL_HOLD=1 LIVE_WORKERS=4
NEW_COMMITTED=175/390 OLD_PRESERVED=377 OLD_PARTIAL_HOLD=1 LIVE_WORKERS=4
NEW_COMMITTED=178/390 OLD_PRESERVED=377 OLD_PARTIAL_HOLD=1 LIVE_WORKERS=4
NEW_COMMITTED=179/390 OLD_PRESERVED=377 OLD_PARTIAL_HOLD=1 LIVE_WORKERS=4
NEW_COMMITTED=179/390 OLD_PRESERVED=377 OLD_PARTIAL_HOLD=1 LIVE_WORKERS=4
NEW_COMMITTED=182/390 OLD_PRESERVED=377 OLD_PARTIAL_HOLD=1 LIVE_WORKERS=4
NEW_COMMITTED=183/390 OLD_PRESERVED=377 OLD_PARTIAL_HOLD=1 LIVE_WORKERS=4
NEW_COMMITTED=186/390 OLD_PRESERVED=377 OLD_PARTIAL_HOLD=1 LIVE_WORKERS=4
NEW_COMMITTED=187/390 OLD_PRESERVED=377 OLD_PARTIAL_HOLD=1 LIVE_WORKERS=4
NEW_COMMITTED=188/390 OLD_PRESERVED=377 OLD_PARTIAL_HOLD=1 LIVE_WORKERS=4
NEW_COMMITTED=191/390 OLD_PRESERVED=377 OLD_PARTIAL_HOLD=1 LIVE_WORKERS=4
NEW_COMMITTED=191/390 OLD_PRESERVED=377 OLD_PARTIAL_HOLD=1 LIVE_WORKERS=4
NEW_COMMITTED=192/390 OLD_PRESERVED=377 OLD_PARTIAL_HOLD=1 LIVE_WORKERS=4
NEW_COMMITTED=195/390 OLD_PRESERVED=377 OLD_PARTIAL_HOLD=1 LIVE_WORKERS=4
NEW_COMMITTED=196/390 OLD_PRESERVED=377 OLD_PARTIAL_HOLD=1 LIVE_WORKERS=4
NEW_COMMITTED=197/390 OLD_PRESERVED=377 OLD_PARTIAL_HOLD=1 LIVE_WORKERS=4
NEW_COMMITTED=200/390 OLD_PRESERVED=377 OLD_PARTIAL_HOLD=1 LIVE_WORKERS=4
NEW_COMMITTED=200/390 OLD_PRESERVED=377 OLD_PARTIAL_HOLD=1 LIVE_WORKERS=4
NEW_COMMITTED=201/390 OLD_PRESERVED=377 OLD_PARTIAL_HOLD=1 LIVE_WORKERS=4
NEW_COMMITTED=203/390 OLD_PRESERVED=377 OLD_PARTIAL_HOLD=1 LIVE_WORKERS=4
NEW_COMMITTED=203/390 OLD_PRESERVED=377 OLD_PARTIAL_HOLD=1 LIVE_WORKERS=4
NEW_COMMITTED=205/390 OLD_PRESERVED=377 OLD_PARTIAL_HOLD=1 LIVE_WORKERS=4
NEW_COMMITTED=206/390 OLD_PRESERVED=377 OLD_PARTIAL_HOLD=1 LIVE_WORKERS=4
NEW_COMMITTED=207/390 OLD_PRESERVED=377 OLD_PARTIAL_HOLD=1 LIVE_WORKERS=4
NEW_COMMITTED=208/390 OLD_PRESERVED=377 OLD_PARTIAL_HOLD=1 LIVE_WORKERS=4
NEW_COMMITTED=209/390 OLD_PRESERVED=377 OLD_PARTIAL_HOLD=1 LIVE_WORKERS=4
NEW_COMMITTED=211/390 OLD_PRESERVED=377 OLD_PARTIAL_HOLD=1 LIVE_WORKERS=4
NEW_COMMITTED=212/390 OLD_PRESERVED=377 OLD_PARTIAL_HOLD=1 LIVE_WORKERS=4
NEW_COMMITTED=213/390 OLD_PRESERVED=377 OLD_PARTIAL_HOLD=1 LIVE_WORKERS=4
NEW_COMMITTED=214/390 OLD_PRESERVED=377 OLD_PARTIAL_HOLD=1 LIVE_WORKERS=4
NEW_COMMITTED=216/390 OLD_PRESERVED=377 OLD_PARTIAL_HOLD=1 LIVE_WORKERS=4
NEW_COMMITTED=218/390 OLD_PRESERVED=377 OLD_PARTIAL_HOLD=1 LIVE_WORKERS=4
NEW_COMMITTED=219/390 OLD_PRESERVED=377 OLD_PARTIAL_HOLD=1 LIVE_WORKERS=4
NEW_COMMITTED=219/390 OLD_PRESERVED=377 OLD_PARTIAL_HOLD=1 LIVE_WORKERS=4
NEW_COMMITTED=221/390 OLD_PRESERVED=377 OLD_PARTIAL_HOLD=1 LIVE_WORKERS=4
NEW_COMMITTED=222/390 OLD_PRESERVED=377 OLD_PARTIAL_HOLD=1 LIVE_WORKERS=4
NEW_COMMITTED=223/390 OLD_PRESERVED=377 OLD_PARTIAL_HOLD=1 LIVE_WORKERS=4
NEW_COMMITTED=224/390 OLD_PRESERVED=377 OLD_PARTIAL_HOLD=1 LIVE_WORKERS=4
NEW_COMMITTED=226/390 OLD_PRESERVED=377 OLD_PARTIAL_HOLD=1 LIVE_WORKERS=4
NEW_COMMITTED=227/390 OLD_PRESERVED=377 OLD_PARTIAL_HOLD=1 LIVE_WORKERS=4
NEW_COMMITTED=227/390 OLD_PRESERVED=377 OLD_PARTIAL_HOLD=1 LIVE_WORKERS=4
NEW_COMMITTED=229/390 OLD_PRESERVED=377 OLD_PARTIAL_HOLD=1 LIVE_WORKERS=4
NEW_COMMITTED=231/390 OLD_PRESERVED=377 OLD_PARTIAL_HOLD=1 LIVE_WORKERS=4
NEW_COMMITTED=231/390 OLD_PRESERVED=377 OLD_PARTIAL_HOLD=1 LIVE_WORKERS=4
NEW_COMMITTED=233/390 OLD_PRESERVED=377 OLD_PARTIAL_HOLD=1 LIVE_WORKERS=4
NEW_COMMITTED=235/390 OLD_PRESERVED=377 OLD_PARTIAL_HOLD=1 LIVE_WORKERS=4
NEW_COMMITTED=235/390 OLD_PRESERVED=377 OLD_PARTIAL_HOLD=1 LIVE_WORKERS=4
NEW_COMMITTED=237/390 OLD_PRESERVED=377 OLD_PARTIAL_HOLD=1 LIVE_WORKERS=4
NEW_COMMITTED=238/390 OLD_PRESERVED=377 OLD_PARTIAL_HOLD=1 LIVE_WORKERS=4
NEW_COMMITTED=239/390 OLD_PRESERVED=377 OLD_PARTIAL_HOLD=1 LIVE_WORKERS=4
NEW_COMMITTED=241/390 OLD_PRESERVED=377 OLD_PARTIAL_HOLD=1 LIVE_WORKERS=4
NEW_COMMITTED=242/390 OLD_PRESERVED=377 OLD_PARTIAL_HOLD=1 LIVE_WORKERS=4
NEW_COMMITTED=243/390 OLD_PRESERVED=377 OLD_PARTIAL_HOLD=1 LIVE_WORKERS=4
NEW_COMMITTED=245/390 OLD_PRESERVED=377 OLD_PARTIAL_HOLD=1 LIVE_WORKERS=4
NEW_COMMITTED=246/390 OLD_PRESERVED=377 OLD_PARTIAL_HOLD=1 LIVE_WORKERS=4
NEW_COMMITTED=247/390 OLD_PRESERVED=377 OLD_PARTIAL_HOLD=1 LIVE_WORKERS=4
NEW_COMMITTED=250/390 OLD_PRESERVED=377 OLD_PARTIAL_HOLD=1 LIVE_WORKERS=4
NEW_COMMITTED=250/390 OLD_PRESERVED=377 OLD_PARTIAL_HOLD=1 LIVE_WORKERS=4
NEW_COMMITTED=251/390 OLD_PRESERVED=377 OLD_PARTIAL_HOLD=1 LIVE_WORKERS=4
NEW_COMMITTED=252/390 OLD_PRESERVED=377 OLD_PARTIAL_HOLD=1 LIVE_WORKERS=4
NEW_COMMITTED=254/390 OLD_PRESERVED=377 OLD_PARTIAL_HOLD=1 LIVE_WORKERS=4
NEW_COMMITTED=255/390 OLD_PRESERVED=377 OLD_PARTIAL_HOLD=1 LIVE_WORKERS=4
NEW_COMMITTED=255/390 OLD_PRESERVED=377 OLD_PARTIAL_HOLD=1 LIVE_WORKERS=4
NEW_COMMITTED=258/390 OLD_PRESERVED=377 OLD_PARTIAL_HOLD=1 LIVE_WORKERS=4
NEW_COMMITTED=259/390 OLD_PRESERVED=377 OLD_PARTIAL_HOLD=1 LIVE_WORKERS=4
NEW_COMMITTED=261/390 OLD_PRESERVED=377 OLD_PARTIAL_HOLD=1 LIVE_WORKERS=4
NEW_COMMITTED=262/390 OLD_PRESERVED=377 OLD_PARTIAL_HOLD=1 LIVE_WORKERS=4
NEW_COMMITTED=263/390 OLD_PRESERVED=377 OLD_PARTIAL_HOLD=1 LIVE_WORKERS=4
NEW_COMMITTED=266/390 OLD_PRESERVED=377 OLD_PARTIAL_HOLD=1 LIVE_WORKERS=4
NEW_COMMITTED=266/390 OLD_PRESERVED=377 OLD_PARTIAL_HOLD=1 LIVE_WORKERS=4
NEW_COMMITTED=270/390 OLD_PRESERVED=377 OLD_PARTIAL_HOLD=1 LIVE_WORKERS=4
NEW_COMMITTED=271/390 OLD_PRESERVED=377 OLD_PARTIAL_HOLD=1 LIVE_WORKERS=4
NEW_COMMITTED=273/390 OLD_PRESERVED=377 OLD_PARTIAL_HOLD=1 LIVE_WORKERS=4
NEW_COMMITTED=274/390 OLD_PRESERVED=377 OLD_PARTIAL_HOLD=1 LIVE_WORKERS=4
NEW_COMMITTED=276/390 OLD_PRESERVED=377 OLD_PARTIAL_HOLD=1 LIVE_WORKERS=4
NEW_COMMITTED=277/390 OLD_PRESERVED=377 OLD_PARTIAL_HOLD=1 LIVE_WORKERS=4
NEW_COMMITTED=279/390 OLD_PRESERVED=377 OLD_PARTIAL_HOLD=1 LIVE_WORKERS=4
NEW_COMMITTED=281/390 OLD_PRESERVED=377 OLD_PARTIAL_HOLD=1 LIVE_WORKERS=4
NEW_COMMITTED=283/390 OLD_PRESERVED=377 OLD_PARTIAL_HOLD=1 LIVE_WORKERS=4
NEW_COMMITTED=284/390 OLD_PRESERVED=377 OLD_PARTIAL_HOLD=1 LIVE_WORKERS=4
NEW_COMMITTED=286/390 OLD_PRESERVED=377 OLD_PARTIAL_HOLD=1 LIVE_WORKERS=4
NEW_COMMITTED=289/390 OLD_PRESERVED=377 OLD_PARTIAL_HOLD=1 LIVE_WORKERS=4
NEW_COMMITTED=290/390 OLD_PRESERVED=377 OLD_PARTIAL_HOLD=1 LIVE_WORKERS=4
NEW_COMMITTED=293/390 OLD_PRESERVED=377 OLD_PARTIAL_HOLD=1 LIVE_WORKERS=4
NEW_COMMITTED=294/390 OLD_PRESERVED=377 OLD_PARTIAL_HOLD=1 LIVE_WORKERS=4
NEW_COMMITTED=296/390 OLD_PRESERVED=377 OLD_PARTIAL_HOLD=1 LIVE_WORKERS=4
NEW_COMMITTED=297/390 OLD_PRESERVED=377 OLD_PARTIAL_HOLD=1 LIVE_WORKERS=4
NEW_COMMITTED=298/390 OLD_PRESERVED=377 OLD_PARTIAL_HOLD=1 LIVE_WORKERS=4
NEW_COMMITTED=300/390 OLD_PRESERVED=377 OLD_PARTIAL_HOLD=1 LIVE_WORKERS=4
NEW_COMMITTED=302/390 OLD_PRESERVED=377 OLD_PARTIAL_HOLD=1 LIVE_WORKERS=4
NEW_COMMITTED=302/390 OLD_PRESERVED=377 OLD_PARTIAL_HOLD=1 LIVE_WORKERS=4
NEW_COMMITTED=304/390 OLD_PRESERVED=377 OLD_PARTIAL_HOLD=1 LIVE_WORKERS=4
NEW_COMMITTED=305/390 OLD_PRESERVED=377 OLD_PARTIAL_HOLD=1 LIVE_WORKERS=4
NEW_COMMITTED=308/390 OLD_PRESERVED=377 OLD_PARTIAL_HOLD=1 LIVE_WORKERS=4
NEW_COMMITTED=309/390 OLD_PRESERVED=377 OLD_PARTIAL_HOLD=1 LIVE_WORKERS=4
NEW_COMMITTED=310/390 OLD_PRESERVED=377 OLD_PARTIAL_HOLD=1 LIVE_WORKERS=4
NEW_COMMITTED=311/390 OLD_PRESERVED=377 OLD_PARTIAL_HOLD=1 LIVE_WORKERS=4
NEW_COMMITTED=313/390 OLD_PRESERVED=377 OLD_PARTIAL_HOLD=1 LIVE_WORKERS=4
NEW_COMMITTED=314/390 OLD_PRESERVED=377 OLD_PARTIAL_HOLD=1 LIVE_WORKERS=4
NEW_COMMITTED=316/390 OLD_PRESERVED=377 OLD_PARTIAL_HOLD=1 LIVE_WORKERS=4
NEW_COMMITTED=318/390 OLD_PRESERVED=377 OLD_PARTIAL_HOLD=1 LIVE_WORKERS=4
NEW_COMMITTED=318/390 OLD_PRESERVED=377 OLD_PARTIAL_HOLD=1 LIVE_WORKERS=4
NEW_COMMITTED=320/390 OLD_PRESERVED=377 OLD_PARTIAL_HOLD=1 LIVE_WORKERS=4
NEW_COMMITTED=320/390 OLD_PRESERVED=377 OLD_PARTIAL_HOLD=1 LIVE_WORKERS=4
NEW_COMMITTED=321/390 OLD_PRESERVED=377 OLD_PARTIAL_HOLD=1 LIVE_WORKERS=4
NEW_COMMITTED=323/390 OLD_PRESERVED=377 OLD_PARTIAL_HOLD=1 LIVE_WORKERS=4
NEW_COMMITTED=323/390 OLD_PRESERVED=377 OLD_PARTIAL_HOLD=1 LIVE_WORKERS=4
NEW_COMMITTED=326/390 OLD_PRESERVED=377 OLD_PARTIAL_HOLD=1 LIVE_WORKERS=4
NEW_COMMITTED=326/390 OLD_PRESERVED=377 OLD_PARTIAL_HOLD=1 LIVE_WORKERS=4
NEW_COMMITTED=327/390 OLD_PRESERVED=377 OLD_PARTIAL_HOLD=1 LIVE_WORKERS=4
NEW_COMMITTED=329/390 OLD_PRESERVED=377 OLD_PARTIAL_HOLD=1 LIVE_WORKERS=4
NEW_COMMITTED=331/390 OLD_PRESERVED=377 OLD_PARTIAL_HOLD=1 LIVE_WORKERS=4
NEW_COMMITTED=331/390 OLD_PRESERVED=377 OLD_PARTIAL_HOLD=1 LIVE_WORKERS=4
NEW_COMMITTED=332/390 OLD_PRESERVED=377 OLD_PARTIAL_HOLD=1 LIVE_WORKERS=4
NEW_COMMITTED=334/390 OLD_PRESERVED=377 OLD_PARTIAL_HOLD=1 LIVE_WORKERS=4
NEW_COMMITTED=334/390 OLD_PRESERVED=377 OLD_PARTIAL_HOLD=1 LIVE_WORKERS=4
NEW_COMMITTED=336/390 OLD_PRESERVED=377 OLD_PARTIAL_HOLD=1 LIVE_WORKERS=4
NEW_COMMITTED=337/390 OLD_PRESERVED=377 OLD_PARTIAL_HOLD=1 LIVE_WORKERS=4
NEW_COMMITTED=338/390 OLD_PRESERVED=377 OLD_PARTIAL_HOLD=1 LIVE_WORKERS=4
NEW_COMMITTED=338/390 OLD_PRESERVED=377 OLD_PARTIAL_HOLD=1 LIVE_WORKERS=4
NEW_COMMITTED=340/390 OLD_PRESERVED=377 OLD_PARTIAL_HOLD=1 LIVE_WORKERS=4
NEW_COMMITTED=341/390 OLD_PRESERVED=377 OLD_PARTIAL_HOLD=1 LIVE_WORKERS=4
NEW_COMMITTED=341/390 OLD_PRESERVED=377 OLD_PARTIAL_HOLD=1 LIVE_WORKERS=4
NEW_COMMITTED=342/390 OLD_PRESERVED=377 OLD_PARTIAL_HOLD=1 LIVE_WORKERS=4
NEW_COMMITTED=345/390 OLD_PRESERVED=377 OLD_PARTIAL_HOLD=1 LIVE_WORKERS=4
NEW_COMMITTED=345/390 OLD_PRESERVED=377 OLD_PARTIAL_HOLD=1 LIVE_WORKERS=4
NEW_COMMITTED=346/390 OLD_PRESERVED=377 OLD_PARTIAL_HOLD=1 LIVE_WORKERS=4
NEW_COMMITTED=348/390 OLD_PRESERVED=377 OLD_PARTIAL_HOLD=1 LIVE_WORKERS=4
NEW_COMMITTED=348/390 OLD_PRESERVED=377 OLD_PARTIAL_HOLD=1 LIVE_WORKERS=4
NEW_COMMITTED=349/390 OLD_PRESERVED=377 OLD_PARTIAL_HOLD=1 LIVE_WORKERS=4
NEW_COMMITTED=350/390 OLD_PRESERVED=377 OLD_PARTIAL_HOLD=1 LIVE_WORKERS=4
NEW_COMMITTED=351/390 OLD_PRESERVED=377 OLD_PARTIAL_HOLD=1 LIVE_WORKERS=4
NEW_COMMITTED=353/390 OLD_PRESERVED=377 OLD_PARTIAL_HOLD=1 LIVE_WORKERS=4
NEW_COMMITTED=353/390 OLD_PRESERVED=377 OLD_PARTIAL_HOLD=1 LIVE_WORKERS=4
NEW_COMMITTED=355/390 OLD_PRESERVED=377 OLD_PARTIAL_HOLD=1 LIVE_WORKERS=4
NEW_COMMITTED=356/390 OLD_PRESERVED=377 OLD_PARTIAL_HOLD=1 LIVE_WORKERS=4
NEW_COMMITTED=356/390 OLD_PRESERVED=377 OLD_PARTIAL_HOLD=1 LIVE_WORKERS=4
NEW_COMMITTED=358/390 OLD_PRESERVED=377 OLD_PARTIAL_HOLD=1 LIVE_WORKERS=4
NEW_COMMITTED=358/390 OLD_PRESERVED=377 OLD_PARTIAL_HOLD=1 LIVE_WORKERS=4
NEW_COMMITTED=359/390 OLD_PRESERVED=377 OLD_PARTIAL_HOLD=1 LIVE_WORKERS=4
NEW_COMMITTED=360/390 OLD_PRESERVED=377 OLD_PARTIAL_HOLD=1 LIVE_WORKERS=4
NEW_COMMITTED=362/390 OLD_PRESERVED=377 OLD_PARTIAL_HOLD=1 LIVE_WORKERS=4
NEW_COMMITTED=363/390 OLD_PRESERVED=377 OLD_PARTIAL_HOLD=1 LIVE_WORKERS=4
NEW_COMMITTED=365/390 OLD_PRESERVED=377 OLD_PARTIAL_HOLD=1 LIVE_WORKERS=4
NEW_COMMITTED=366/390 OLD_PRESERVED=377 OLD_PARTIAL_HOLD=1 LIVE_WORKERS=4
NEW_COMMITTED=366/390 OLD_PRESERVED=377 OLD_PARTIAL_HOLD=1 LIVE_WORKERS=4
NEW_COMMITTED=368/390 OLD_PRESERVED=377 OLD_PARTIAL_HOLD=1 LIVE_WORKERS=3
NEW_COMMITTED=368/390 OLD_PRESERVED=377 OLD_PARTIAL_HOLD=1 LIVE_WORKERS=3
NEW_COMMITTED=369/390 OLD_PRESERVED=377 OLD_PARTIAL_HOLD=1 LIVE_WORKERS=3
NEW_COMMITTED=371/390 OLD_PRESERVED=377 OLD_PARTIAL_HOLD=1 LIVE_WORKERS=3
NEW_COMMITTED=372/390 OLD_PRESERVED=377 OLD_PARTIAL_HOLD=1 LIVE_WORKERS=3
NEW_COMMITTED=372/390 OLD_PRESERVED=377 OLD_PARTIAL_HOLD=1 LIVE_WORKERS=3
NEW_COMMITTED=373/390 OLD_PRESERVED=377 OLD_PARTIAL_HOLD=1 LIVE_WORKERS=2
NEW_COMMITTED=374/390 OLD_PRESERVED=377 OLD_PARTIAL_HOLD=1 LIVE_WORKERS=2
NEW_COMMITTED=374/390 OLD_PRESERVED=377 OLD_PARTIAL_HOLD=1 LIVE_WORKERS=2
NEW_COMMITTED=374/390 OLD_PRESERVED=377 OLD_PARTIAL_HOLD=1 LIVE_WORKERS=2
NEW_COMMITTED=375/390 OLD_PRESERVED=377 OLD_PARTIAL_HOLD=1 LIVE_WORKERS=2
NEW_COMMITTED=376/390 OLD_PRESERVED=377 OLD_PARTIAL_HOLD=1 LIVE_WORKERS=2
NEW_COMMITTED=376/390 OLD_PRESERVED=377 OLD_PARTIAL_HOLD=1 LIVE_WORKERS=2
NEW_COMMITTED=376/390 OLD_PRESERVED=377 OLD_PARTIAL_HOLD=1 LIVE_WORKERS=2
NEW_COMMITTED=377/390 OLD_PRESERVED=377 OLD_PARTIAL_HOLD=1 LIVE_WORKERS=2
NEW_COMMITTED=377/390 OLD_PRESERVED=377 OLD_PARTIAL_HOLD=1 LIVE_WORKERS=2
NEW_COMMITTED=377/390 OLD_PRESERVED=377 OLD_PARTIAL_HOLD=1 LIVE_WORKERS=2
NEW_COMMITTED=378/390 OLD_PRESERVED=377 OLD_PARTIAL_HOLD=1 LIVE_WORKERS=1
NEW_COMMITTED=379/390 OLD_PRESERVED=377 OLD_PARTIAL_HOLD=1 LIVE_WORKERS=1
NEW_COMMITTED=379/390 OLD_PRESERVED=377 OLD_PARTIAL_HOLD=1 LIVE_WORKERS=1
NEW_COMMITTED=379/390 OLD_PRESERVED=377 OLD_PARTIAL_HOLD=1 LIVE_WORKERS=1
NEW_COMMITTED=379/390 OLD_PRESERVED=377 OLD_PARTIAL_HOLD=1 LIVE_WORKERS=1
NEW_COMMITTED=379/390 OLD_PRESERVED=377 OLD_PARTIAL_HOLD=1 LIVE_WORKERS=1
NEW_COMMITTED=379/390 OLD_PRESERVED=377 OLD_PARTIAL_HOLD=1 LIVE_WORKERS=1
NEW_COMMITTED=379/390 OLD_PRESERVED=377 OLD_PARTIAL_HOLD=1 LIVE_WORKERS=1
NEW_COMMITTED=379/390 OLD_PRESERVED=377 OLD_PARTIAL_HOLD=1 LIVE_WORKERS=1
NEW_COMMITTED=379/390 OLD_PRESERVED=377 OLD_PARTIAL_HOLD=1 LIVE_WORKERS=1
NEW_COMMITTED=380/390 OLD_PRESERVED=377 OLD_PARTIAL_HOLD=1 LIVE_WORKERS=1
NEW_COMMITTED=380/390 OLD_PRESERVED=377 OLD_PARTIAL_HOLD=1 LIVE_WORKERS=1
NEW_COMMITTED=380/390 OLD_PRESERVED=377 OLD_PARTIAL_HOLD=1 LIVE_WORKERS=1
NEW_COMMITTED=380/390 OLD_PRESERVED=377 OLD_PARTIAL_HOLD=1 LIVE_WORKERS=1
NEW_COMMITTED=380/390 OLD_PRESERVED=377 OLD_PARTIAL_HOLD=1 LIVE_WORKERS=1
NEW_COMMITTED=380/390 OLD_PRESERVED=377 OLD_PARTIAL_HOLD=1 LIVE_WORKERS=1
NEW_COMMITTED=380/390 OLD_PRESERVED=377 OLD_PARTIAL_HOLD=1 LIVE_WORKERS=1
NEW_COMMITTED=380/390 OLD_PRESERVED=377 OLD_PARTIAL_HOLD=1 LIVE_WORKERS=1
NEW_COMMITTED=380/390 OLD_PRESERVED=377 OLD_PARTIAL_HOLD=1 LIVE_WORKERS=1
NEW_COMMITTED=381/390 OLD_PRESERVED=377 OLD_PARTIAL_HOLD=1 LIVE_WORKERS=1
NEW_COMMITTED=381/390 OLD_PRESERVED=377 OLD_PARTIAL_HOLD=1 LIVE_WORKERS=1
NEW_COMMITTED=381/390 OLD_PRESERVED=377 OLD_PARTIAL_HOLD=1 LIVE_WORKERS=1
NEW_COMMITTED=381/390 OLD_PRESERVED=377 OLD_PARTIAL_HOLD=1 LIVE_WORKERS=1
NEW_COMMITTED=381/390 OLD_PRESERVED=377 OLD_PARTIAL_HOLD=1 LIVE_WORKERS=1
NEW_COMMITTED=381/390 OLD_PRESERVED=377 OLD_PARTIAL_HOLD=1 LIVE_WORKERS=1
NEW_COMMITTED=381/390 OLD_PRESERVED=377 OLD_PARTIAL_HOLD=1 LIVE_WORKERS=1
NEW_COMMITTED=381/390 OLD_PRESERVED=377 OLD_PARTIAL_HOLD=1 LIVE_WORKERS=1
NEW_COMMITTED=381/390 OLD_PRESERVED=377 OLD_PARTIAL_HOLD=1 LIVE_WORKERS=1
NEW_COMMITTED=382/390 OLD_PRESERVED=377 OLD_PARTIAL_HOLD=1 LIVE_WORKERS=1
NEW_COMMITTED=382/390 OLD_PRESERVED=377 OLD_PARTIAL_HOLD=1 LIVE_WORKERS=1
NEW_COMMITTED=382/390 OLD_PRESERVED=377 OLD_PARTIAL_HOLD=1 LIVE_WORKERS=1
NEW_COMMITTED=382/390 OLD_PRESERVED=377 OLD_PARTIAL_HOLD=1 LIVE_WORKERS=1
NEW_COMMITTED=382/390 OLD_PRESERVED=377 OLD_PARTIAL_HOLD=1 LIVE_WORKERS=1
NEW_COMMITTED=382/390 OLD_PRESERVED=377 OLD_PARTIAL_HOLD=1 LIVE_WORKERS=1
NEW_COMMITTED=382/390 OLD_PRESERVED=377 OLD_PARTIAL_HOLD=1 LIVE_WORKERS=1
NEW_COMMITTED=382/390 OLD_PRESERVED=377 OLD_PARTIAL_HOLD=1 LIVE_WORKERS=1
NEW_COMMITTED=382/390 OLD_PRESERVED=377 OLD_PARTIAL_HOLD=1 LIVE_WORKERS=1
NEW_COMMITTED=383/390 OLD_PRESERVED=377 OLD_PARTIAL_HOLD=1 LIVE_WORKERS=1
NEW_COMMITTED=383/390 OLD_PRESERVED=377 OLD_PARTIAL_HOLD=1 LIVE_WORKERS=1
NEW_COMMITTED=383/390 OLD_PRESERVED=377 OLD_PARTIAL_HOLD=1 LIVE_WORKERS=1
NEW_COMMITTED=383/390 OLD_PRESERVED=377 OLD_PARTIAL_HOLD=1 LIVE_WORKERS=1
NEW_COMMITTED=383/390 OLD_PRESERVED=377 OLD_PARTIAL_HOLD=1 LIVE_WORKERS=1
NEW_COMMITTED=383/390 OLD_PRESERVED=377 OLD_PARTIAL_HOLD=1 LIVE_WORKERS=1
NEW_COMMITTED=383/390 OLD_PRESERVED=377 OLD_PARTIAL_HOLD=1 LIVE_WORKERS=1
NEW_COMMITTED=383/390 OLD_PRESERVED=377 OLD_PARTIAL_HOLD=1 LIVE_WORKERS=1
NEW_COMMITTED=383/390 OLD_PRESERVED=377 OLD_PARTIAL_HOLD=1 LIVE_WORKERS=1
NEW_COMMITTED=383/390 OLD_PRESERVED=377 OLD_PARTIAL_HOLD=1 LIVE_WORKERS=1
NEW_COMMITTED=384/390 OLD_PRESERVED=377 OLD_PARTIAL_HOLD=1 LIVE_WORKERS=1
NEW_COMMITTED=384/390 OLD_PRESERVED=377 OLD_PARTIAL_HOLD=1 LIVE_WORKERS=1
NEW_COMMITTED=384/390 OLD_PRESERVED=377 OLD_PARTIAL_HOLD=1 LIVE_WORKERS=1
NEW_COMMITTED=384/390 OLD_PRESERVED=377 OLD_PARTIAL_HOLD=1 LIVE_WORKERS=1
NEW_COMMITTED=384/390 OLD_PRESERVED=377 OLD_PARTIAL_HOLD=1 LIVE_WORKERS=1
NEW_COMMITTED=384/390 OLD_PRESERVED=377 OLD_PARTIAL_HOLD=1 LIVE_WORKERS=1
NEW_COMMITTED=384/390 OLD_PRESERVED=377 OLD_PARTIAL_HOLD=1 LIVE_WORKERS=1
NEW_COMMITTED=384/390 OLD_PRESERVED=377 OLD_PARTIAL_HOLD=1 LIVE_WORKERS=1
NEW_COMMITTED=384/390 OLD_PRESERVED=377 OLD_PARTIAL_HOLD=1 LIVE_WORKERS=1
NEW_COMMITTED=384/390 OLD_PRESERVED=377 OLD_PARTIAL_HOLD=1 LIVE_WORKERS=1
NEW_COMMITTED=385/390 OLD_PRESERVED=377 OLD_PARTIAL_HOLD=1 LIVE_WORKERS=1
NEW_COMMITTED=385/390 OLD_PRESERVED=377 OLD_PARTIAL_HOLD=1 LIVE_WORKERS=1
NEW_COMMITTED=385/390 OLD_PRESERVED=377 OLD_PARTIAL_HOLD=1 LIVE_WORKERS=1
NEW_COMMITTED=385/390 OLD_PRESERVED=377 OLD_PARTIAL_HOLD=1 LIVE_WORKERS=1
NEW_COMMITTED=385/390 OLD_PRESERVED=377 OLD_PARTIAL_HOLD=1 LIVE_WORKERS=1
NEW_COMMITTED=385/390 OLD_PRESERVED=377 OLD_PARTIAL_HOLD=1 LIVE_WORKERS=1
NEW_COMMITTED=385/390 OLD_PRESERVED=377 OLD_PARTIAL_HOLD=1 LIVE_WORKERS=1
NEW_COMMITTED=385/390 OLD_PRESERVED=377 OLD_PARTIAL_HOLD=1 LIVE_WORKERS=1
NEW_COMMITTED=386/390 OLD_PRESERVED=377 OLD_PARTIAL_HOLD=1 LIVE_WORKERS=1
NEW_COMMITTED=386/390 OLD_PRESERVED=377 OLD_PARTIAL_HOLD=1 LIVE_WORKERS=1
NEW_COMMITTED=386/390 OLD_PRESERVED=377 OLD_PARTIAL_HOLD=1 LIVE_WORKERS=1
NEW_COMMITTED=386/390 OLD_PRESERVED=377 OLD_PARTIAL_HOLD=1 LIVE_WORKERS=1
NEW_COMMITTED=386/390 OLD_PRESERVED=377 OLD_PARTIAL_HOLD=1 LIVE_WORKERS=1
NEW_COMMITTED=386/390 OLD_PRESERVED=377 OLD_PARTIAL_HOLD=1 LIVE_WORKERS=1
NEW_COMMITTED=386/390 OLD_PRESERVED=377 OLD_PARTIAL_HOLD=1 LIVE_WORKERS=1
NEW_COMMITTED=387/390 OLD_PRESERVED=377 OLD_PARTIAL_HOLD=1 LIVE_WORKERS=1
NEW_COMMITTED=387/390 OLD_PRESERVED=377 OLD_PARTIAL_HOLD=1 LIVE_WORKERS=1
NEW_COMMITTED=387/390 OLD_PRESERVED=377 OLD_PARTIAL_HOLD=1 LIVE_WORKERS=1
NEW_COMMITTED=387/390 OLD_PRESERVED=377 OLD_PARTIAL_HOLD=1 LIVE_WORKERS=1
NEW_COMMITTED=387/390 OLD_PRESERVED=377 OLD_PARTIAL_HOLD=1 LIVE_WORKERS=1
NEW_COMMITTED=387/390 OLD_PRESERVED=377 OLD_PARTIAL_HOLD=1 LIVE_WORKERS=1
NEW_COMMITTED=387/390 OLD_PRESERVED=377 OLD_PARTIAL_HOLD=1 LIVE_WORKERS=1
NEW_COMMITTED=387/390 OLD_PRESERVED=377 OLD_PARTIAL_HOLD=1 LIVE_WORKERS=1
NEW_COMMITTED=388/390 OLD_PRESERVED=377 OLD_PARTIAL_HOLD=1 LIVE_WORKERS=1
NEW_COMMITTED=388/390 OLD_PRESERVED=377 OLD_PARTIAL_HOLD=1 LIVE_WORKERS=1
NEW_COMMITTED=388/390 OLD_PRESERVED=377 OLD_PARTIAL_HOLD=1 LIVE_WORKERS=1
NEW_COMMITTED=388/390 OLD_PRESERVED=377 OLD_PARTIAL_HOLD=1 LIVE_WORKERS=1
NEW_COMMITTED=388/390 OLD_PRESERVED=377 OLD_PARTIAL_HOLD=1 LIVE_WORKERS=1
NEW_COMMITTED=388/390 OLD_PRESERVED=377 OLD_PARTIAL_HOLD=1 LIVE_WORKERS=1
NEW_COMMITTED=388/390 OLD_PRESERVED=377 OLD_PARTIAL_HOLD=1 LIVE_WORKERS=1
NEW_COMMITTED=388/390 OLD_PRESERVED=377 OLD_PARTIAL_HOLD=1 LIVE_WORKERS=1
NEW_COMMITTED=389/390 OLD_PRESERVED=377 OLD_PARTIAL_HOLD=1 LIVE_WORKERS=1
NEW_COMMITTED=389/390 OLD_PRESERVED=377 OLD_PARTIAL_HOLD=1 LIVE_WORKERS=1
NEW_COMMITTED=389/390 OLD_PRESERVED=377 OLD_PARTIAL_HOLD=1 LIVE_WORKERS=1
NEW_COMMITTED=389/390 OLD_PRESERVED=377 OLD_PARTIAL_HOLD=1 LIVE_WORKERS=1
NEW_COMMITTED=389/390 OLD_PRESERVED=377 OLD_PARTIAL_HOLD=1 LIVE_WORKERS=1
NEW_COMMITTED=389/390 OLD_PRESERVED=377 OLD_PARTIAL_HOLD=1 LIVE_WORKERS=1
NEW_COMMITTED=389/390 OLD_PRESERVED=377 OLD_PARTIAL_HOLD=1 LIVE_WORKERS=1
NEW_COMMITTED=389/390 OLD_PRESERVED=377 OLD_PARTIAL_HOLD=1 LIVE_WORKERS=1
NEW_COMMITTED=389/390 OLD_PRESERVED=377 OLD_PARTIAL_HOLD=1 LIVE_WORKERS=1
COLLECTION_STATUS=COMPLETE_REMAINING390_COLLECTION_NOT_LABEL_CERTIFICATION
NEW_VERIFIED_COMMITTED=390/390
OLD_PRESERVED=377
OLD_PARTIAL_HOLD=1
ORIGINAL768_COMPLETE=False
ZIP_VERIFIED=True
BUNDLE=/root/autodl-tmp/minesim_discovery_remaining390_parallel_v1.zip
BUNDLE_SHA256=70e481c7731fb29d06a0482b18bac8354894cee5d2267dfb3e8ef0c3ef3404eb
