FRESH_PREFLIGHT; CONFIRMATION768; DISCOVERY768_READONLY
BINDING_EXISTING_DISCOVERY_AND_MARKERS; NO_NEW_SAMPLING_YET
START_WRITTEN=True; CONFIRMATION768; WORKERS=4; DISCOVERY_NOT_RECOMPUTED
NEW_COMMITTED=0/768 DISCOVERY_PRESERVED=768 LIVE_WORKERS=4
NEW_COMMITTED=0/768 DISCOVERY_PRESERVED=768 LIVE_WORKERS=4
NEW_COMMITTED=1/768 DISCOVERY_PRESERVED=768 LIVE_WORKERS=4
NEW_COMMITTED=4/768 DISCOVERY_PRESERVED=768 LIVE_WORKERS=4
NEW_COMMITTED=9/768 DISCOVERY_PRESERVED=768 LIVE_WORKERS=4
NEW_COMMITTED=14/768 DISCOVERY_PRESERVED=768 LIVE_WORKERS=4
NEW_COMMITTED=19/768 DISCOVERY_PRESERVED=768 LIVE_WORKERS=4
NEW_COMMITTED=22/768 DISCOVERY_PRESERVED=768 LIVE_WORKERS=4
NEW_COMMITTED=26/768 DISCOVERY_PRESERVED=768 LIVE_WORKERS=4
NEW_COMMITTED=30/768 DISCOVERY_PRESERVED=768 LIVE_WORKERS=4
NEW_COMMITTED=32/768 DISCOVERY_PRESERVED=768 LIVE_WORKERS=4
NEW_COMMITTED=36/768 DISCOVERY_PRESERVED=768 LIVE_WORKERS=4
NEW_COMMITTED=40/768 DISCOVERY_PRESERVED=768 LIVE_WORKERS=4
NEW_COMMITTED=46/768 DISCOVERY_PRESERVED=768 LIVE_WORKERS=4
NEW_COMMITTED=50/768 DISCOVERY_PRESERVED=768 LIVE_WORKERS=4
NEW_COMMITTED=54/768 DISCOVERY_PRESERVED=768 LIVE_WORKERS=4
NEW_COMMITTED=58/768 DISCOVERY_PRESERVED=768 LIVE_WORKERS=4
NEW_COMMITTED=63/768 DISCOVERY_PRESERVED=768 LIVE_WORKERS=4
NEW_COMMITTED=71/768 DISCOVERY_PRESERVED=768 LIVE_WORKERS=4
NEW_COMMITTED=81/768 DISCOVERY_PRESERVED=768 LIVE_WORKERS=4
NEW_COMMITTED=89/768 DISCOVERY_PRESERVED=768 LIVE_WORKERS=4
NEW_COMMITTED=99/768 DISCOVERY_PRESERVED=768 LIVE_WORKERS=4
NEW_COMMITTED=108/768 DISCOVERY_PRESERVED=768 LIVE_WORKERS=4
NEW_COMMITTED=117/768 DISCOVERY_PRESERVED=768 LIVE_WORKERS=4
NEW_COMMITTED=125/768 DISCOVERY_PRESERVED=768 LIVE_WORKERS=4
NEW_COMMITTED=130/768 DISCOVERY_PRESERVED=768 LIVE_WORKERS=4
NEW_COMMITTED=134/768 DISCOVERY_PRESERVED=768 LIVE_WORKERS=4
NEW_COMMITTED=138/768 DISCOVERY_PRESERVED=768 LIVE_WORKERS=4
NEW_COMMITTED=143/768 DISCOVERY_PRESERVED=768 LIVE_WORKERS=4
NEW_COMMITTED=146/768 DISCOVERY_PRESERVED=768 LIVE_WORKERS=4
NEW_COMMITTED=152/768 DISCOVERY_PRESERVED=768 LIVE_WORKERS=4
NEW_COMMITTED=155/768 DISCOVERY_PRESERVED=768 LIVE_WORKERS=4
NEW_COMMITTED=162/768 DISCOVERY_PRESERVED=768 LIVE_WORKERS=4
NEW_COMMITTED=166/768 DISCOVERY_PRESERVED=768 LIVE_WORKERS=4
NEW_COMMITTED=169/768 DISCOVERY_PRESERVED=768 LIVE_WORKERS=4
NEW_COMMITTED=174/768 DISCOVERY_PRESERVED=768 LIVE_WORKERS=4
NEW_COMMITTED=178/768 DISCOVERY_PRESERVED=768 LIVE_WORKERS=4
NEW_COMMITTED=182/768 DISCOVERY_PRESERVED=768 LIVE_WORKERS=4
NEW_COMMITTED=186/768 DISCOVERY_PRESERVED=768 LIVE_WORKERS=4
NEW_COMMITTED=190/768 DISCOVERY_PRESERVED=768 LIVE_WORKERS=4
NEW_COMMITTED=196/768 DISCOVERY_PRESERVED=768 LIVE_WORKERS=4
NEW_COMMITTED=203/768 DISCOVERY_PRESERVED=768 LIVE_WORKERS=4
NEW_COMMITTED=211/768 DISCOVERY_PRESERVED=768 LIVE_WORKERS=4
NEW_COMMITTED=218/768 DISCOVERY_PRESERVED=768 LIVE_WORKERS=4
NEW_COMMITTED=226/768 DISCOVERY_PRESERVED=768 LIVE_WORKERS=4
NEW_COMMITTED=234/768 DISCOVERY_PRESERVED=768 LIVE_WORKERS=4
NEW_COMMITTED=242/768 DISCOVERY_PRESERVED=768 LIVE_WORKERS=4
NEW_COMMITTED=247/768 DISCOVERY_PRESERVED=768 LIVE_WORKERS=4
NEW_COMMITTED=252/768 DISCOVERY_PRESERVED=768 LIVE_WORKERS=4
NEW_COMMITTED=257/768 DISCOVERY_PRESERVED=768 LIVE_WORKERS=4
NEW_COMMITTED=259/768 DISCOVERY_PRESERVED=768 LIVE_WORKERS=4
NEW_COMMITTED=262/768 DISCOVERY_PRESERVED=768 LIVE_WORKERS=4
NEW_COMMITTED=265/768 DISCOVERY_PRESERVED=768 LIVE_WORKERS=4
NEW_COMMITTED=267/768 DISCOVERY_PRESERVED=768 LIVE_WORKERS=4
NEW_COMMITTED=270/768 DISCOVERY_PRESERVED=768 LIVE_WORKERS=4
NEW_COMMITTED=271/768 DISCOVERY_PRESERVED=768 LIVE_WORKERS=4
NEW_COMMITTED=275/768 DISCOVERY_PRESERVED=768 LIVE_WORKERS=4
NEW_COMMITTED=277/768 DISCOVERY_PRESERVED=768 LIVE_WORKERS=4
NEW_COMMITTED=279/768 DISCOVERY_PRESERVED=768 LIVE_WORKERS=4
NEW_COMMITTED=282/768 DISCOVERY_PRESERVED=768 LIVE_WORKERS=4
NEW_COMMITTED=284/768 DISCOVERY_PRESERVED=768 LIVE_WORKERS=4
NEW_COMMITTED=286/768 DISCOVERY_PRESERVED=768 LIVE_WORKERS=4
NEW_COMMITTED=288/768 DISCOVERY_PRESERVED=768 LIVE_WORKERS=4
NEW_COMMITTED=291/768 DISCOVERY_PRESERVED=768 LIVE_WORKERS=4
NEW_COMMITTED=292/768 DISCOVERY_PRESERVED=768 LIVE_WORKERS=4
NEW_COMMITTED=296/768 DISCOVERY_PRESERVED=768 LIVE_WORKERS=4
NEW_COMMITTED=298/768 DISCOVERY_PRESERVED=768 LIVE_WORKERS=4
NEW_COMMITTED=301/768 DISCOVERY_PRESERVED=768 LIVE_WORKERS=4
NEW_COMMITTED=303/768 DISCOVERY_PRESERVED=768 LIVE_WORKERS=4
NEW_COMMITTED=305/768 DISCOVERY_PRESERVED=768 LIVE_WORKERS=4
NEW_COMMITTED=309/768 DISCOVERY_PRESERVED=768 LIVE_WORKERS=4
NEW_COMMITTED=309/768 DISCOVERY_PRESERVED=768 LIVE_WORKERS=4
NEW_COMMITTED=313/768 DISCOVERY_PRESERVED=768 LIVE_WORKERS=4
NEW_COMMITTED=316/768 DISCOVERY_PRESERVED=768 LIVE_WORKERS=4
NEW_COMMITTED=318/768 DISCOVERY_PRESERVED=768 LIVE_WORKERS=4
NEW_COMMITTED=321/768 DISCOVERY_PRESERVED=768 LIVE_WORKERS=4
NEW_COMMITTED=325/768 DISCOVERY_PRESERVED=768 LIVE_WORKERS=4
NEW_COMMITTED=328/768 DISCOVERY_PRESERVED=768 LIVE_WORKERS=4
NEW_COMMITTED=332/768 DISCOVERY_PRESERVED=768 LIVE_WORKERS=4
NEW_COMMITTED=335/768 DISCOVERY_PRESERVED=768 LIVE_WORKERS=4
NEW_COMMITTED=338/768 DISCOVERY_PRESERVED=768 LIVE_WORKERS=4
NEW_COMMITTED=341/768 DISCOVERY_PRESERVED=768 LIVE_WORKERS=4
NEW_COMMITTED=345/768 DISCOVERY_PRESERVED=768 LIVE_WORKERS=4
NEW_COMMITTED=349/768 DISCOVERY_PRESERVED=768 LIVE_WORKERS=4
NEW_COMMITTED=353/768 DISCOVERY_PRESERVED=768 LIVE_WORKERS=4
NEW_COMMITTED=357/768 DISCOVERY_PRESERVED=768 LIVE_WORKERS=4
NEW_COMMITTED=361/768 DISCOVERY_PRESERVED=768 LIVE_WORKERS=4
NEW_COMMITTED=365/768 DISCOVERY_PRESERVED=768 LIVE_WORKERS=4
NEW_COMMITTED=368/768 DISCOVERY_PRESERVED=768 LIVE_WORKERS=4
NEW_COMMITTED=370/768 DISCOVERY_PRESERVED=768 LIVE_WORKERS=4
NEW_COMMITTED=374/768 DISCOVERY_PRESERVED=768 LIVE_WORKERS=4
NEW_COMMITTED=379/768 DISCOVERY_PRESERVED=768 LIVE_WORKERS=4
NEW_COMMITTED=382/768 DISCOVERY_PRESERVED=768 LIVE_WORKERS=4
NEW_COMMITTED=385/768 DISCOVERY_PRESERVED=768 LIVE_WORKERS=4
NEW_COMMITTED=387/768 DISCOVERY_PRESERVED=768 LIVE_WORKERS=4
NEW_COMMITTED=390/768 DISCOVERY_PRESERVED=768 LIVE_WORKERS=4
NEW_COMMITTED=392/768 DISCOVERY_PRESERVED=768 LIVE_WORKERS=4
NEW_COMMITTED=395/768 DISCOVERY_PRESERVED=768 LIVE_WORKERS=4
NEW_COMMITTED=398/768 DISCOVERY_PRESERVED=768 LIVE_WORKERS=4
NEW_COMMITTED=400/768 DISCOVERY_PRESERVED=768 LIVE_WORKERS=4
NEW_COMMITTED=403/768 DISCOVERY_PRESERVED=768 LIVE_WORKERS=4
NEW_COMMITTED=406/768 DISCOVERY_PRESERVED=768 LIVE_WORKERS=4
NEW_COMMITTED=409/768 DISCOVERY_PRESERVED=768 LIVE_WORKERS=4
NEW_COMMITTED=411/768 DISCOVERY_PRESERVED=768 LIVE_WORKERS=4
NEW_COMMITTED=414/768 DISCOVERY_PRESERVED=768 LIVE_WORKERS=4
NEW_COMMITTED=417/768 DISCOVERY_PRESERVED=768 LIVE_WORKERS=4
NEW_COMMITTED=420/768 DISCOVERY_PRESERVED=768 LIVE_WORKERS=4
NEW_COMMITTED=422/768 DISCOVERY_PRESERVED=768 LIVE_WORKERS=4
NEW_COMMITTED=425/768 DISCOVERY_PRESERVED=768 LIVE_WORKERS=4
NEW_COMMITTED=429/768 DISCOVERY_PRESERVED=768 LIVE_WORKERS=4
NEW_COMMITTED=433/768 DISCOVERY_PRESERVED=768 LIVE_WORKERS=4
NEW_COMMITTED=434/768 DISCOVERY_PRESERVED=768 LIVE_WORKERS=4
NEW_COMMITTED=437/768 DISCOVERY_PRESERVED=768 LIVE_WORKERS=4
NEW_COMMITTED=441/768 DISCOVERY_PRESERVED=768 LIVE_WORKERS=4
NEW_COMMITTED=444/768 DISCOVERY_PRESERVED=768 LIVE_WORKERS=4
NEW_COMMITTED=447/768 DISCOVERY_PRESERVED=768 LIVE_WORKERS=4
NEW_COMMITTED=449/768 DISCOVERY_PRESERVED=768 LIVE_WORKERS=4
NEW_COMMITTED=453/768 DISCOVERY_PRESERVED=768 LIVE_WORKERS=4
NEW_COMMITTED=455/768 DISCOVERY_PRESERVED=768 LIVE_WORKERS=4
NEW_COMMITTED=459/768 DISCOVERY_PRESERVED=768 LIVE_WORKERS=4
NEW_COMMITTED=463/768 DISCOVERY_PRESERVED=768 LIVE_WORKERS=4
NEW_COMMITTED=467/768 DISCOVERY_PRESERVED=768 LIVE_WORKERS=4
NEW_COMMITTED=471/768 DISCOVERY_PRESERVED=768 LIVE_WORKERS=4
NEW_COMMITTED=475/768 DISCOVERY_PRESERVED=768 LIVE_WORKERS=4
NEW_COMMITTED=478/768 DISCOVERY_PRESERVED=768 LIVE_WORKERS=4
NEW_COMMITTED=480/768 DISCOVERY_PRESERVED=768 LIVE_WORKERS=4
NEW_COMMITTED=484/768 DISCOVERY_PRESERVED=768 LIVE_WORKERS=4
NEW_COMMITTED=488/768 DISCOVERY_PRESERVED=768 LIVE_WORKERS=4
NEW_COMMITTED=492/768 DISCOVERY_PRESERVED=768 LIVE_WORKERS=4
NEW_COMMITTED=496/768 DISCOVERY_PRESERVED=768 LIVE_WORKERS=4
NEW_COMMITTED=500/768 DISCOVERY_PRESERVED=768 LIVE_WORKERS=4
NEW_COMMITTED=504/768 DISCOVERY_PRESERVED=768 LIVE_WORKERS=4
NEW_COMMITTED=508/768 DISCOVERY_PRESERVED=768 LIVE_WORKERS=4
NEW_COMMITTED=510/768 DISCOVERY_PRESERVED=768 LIVE_WORKERS=4
NEW_COMMITTED=514/768 DISCOVERY_PRESERVED=768 LIVE_WORKERS=4
NEW_COMMITTED=514/768 DISCOVERY_PRESERVED=768 LIVE_WORKERS=4
NEW_COMMITTED=516/768 DISCOVERY_PRESERVED=768 LIVE_WORKERS=4
NEW_COMMITTED=517/768 DISCOVERY_PRESERVED=768 LIVE_WORKERS=4
NEW_COMMITTED=519/768 DISCOVERY_PRESERVED=768 LIVE_WORKERS=4
NEW_COMMITTED=521/768 DISCOVERY_PRESERVED=768 LIVE_WORKERS=4
NEW_COMMITTED=522/768 DISCOVERY_PRESERVED=768 LIVE_WORKERS=4
NEW_COMMITTED=524/768 DISCOVERY_PRESERVED=768 LIVE_WORKERS=4
NEW_COMMITTED=526/768 DISCOVERY_PRESERVED=768 LIVE_WORKERS=4
NEW_COMMITTED=527/768 DISCOVERY_PRESERVED=768 LIVE_WORKERS=4
NEW_COMMITTED=529/768 DISCOVERY_PRESERVED=768 LIVE_WORKERS=4
NEW_COMMITTED=531/768 DISCOVERY_PRESERVED=768 LIVE_WORKERS=4
NEW_COMMITTED=532/768 DISCOVERY_PRESERVED=768 LIVE_WORKERS=4
NEW_COMMITTED=535/768 DISCOVERY_PRESERVED=768 LIVE_WORKERS=4
NEW_COMMITTED=536/768 DISCOVERY_PRESERVED=768 LIVE_WORKERS=4
NEW_COMMITTED=539/768 DISCOVERY_PRESERVED=768 LIVE_WORKERS=4
NEW_COMMITTED=540/768 DISCOVERY_PRESERVED=768 LIVE_WORKERS=4
NEW_COMMITTED=543/768 DISCOVERY_PRESERVED=768 LIVE_WORKERS=4
NEW_COMMITTED=543/768 DISCOVERY_PRESERVED=768 LIVE_WORKERS=4
NEW_COMMITTED=547/768 DISCOVERY_PRESERVED=768 LIVE_WORKERS=4
NEW_COMMITTED=547/768 DISCOVERY_PRESERVED=768 LIVE_WORKERS=4
NEW_COMMITTED=550/768 DISCOVERY_PRESERVED=768 LIVE_WORKERS=4
NEW_COMMITTED=551/768 DISCOVERY_PRESERVED=768 LIVE_WORKERS=4
NEW_COMMITTED=553/768 DISCOVERY_PRESERVED=768 LIVE_WORKERS=4
NEW_COMMITTED=554/768 DISCOVERY_PRESERVED=768 LIVE_WORKERS=4
NEW_COMMITTED=557/768 DISCOVERY_PRESERVED=768 LIVE_WORKERS=4
NEW_COMMITTED=558/768 DISCOVERY_PRESERVED=768 LIVE_WORKERS=4
NEW_COMMITTED=560/768 DISCOVERY_PRESERVED=768 LIVE_WORKERS=4
NEW_COMMITTED=561/768 DISCOVERY_PRESERVED=768 LIVE_WORKERS=4
NEW_COMMITTED=564/768 DISCOVERY_PRESERVED=768 LIVE_WORKERS=4
NEW_COMMITTED=565/768 DISCOVERY_PRESERVED=768 LIVE_WORKERS=4
NEW_COMMITTED=566/768 DISCOVERY_PRESERVED=768 LIVE_WORKERS=4
NEW_COMMITTED=568/768 DISCOVERY_PRESERVED=768 LIVE_WORKERS=4
NEW_COMMITTED=569/768 DISCOVERY_PRESERVED=768 LIVE_WORKERS=4
NEW_COMMITTED=572/768 DISCOVERY_PRESERVED=768 LIVE_WORKERS=4
NEW_COMMITTED=573/768 DISCOVERY_PRESERVED=768 LIVE_WORKERS=4
NEW_COMMITTED=575/768 DISCOVERY_PRESERVED=768 LIVE_WORKERS=4
NEW_COMMITTED=576/768 DISCOVERY_PRESERVED=768 LIVE_WORKERS=4
NEW_COMMITTED=577/768 DISCOVERY_PRESERVED=768 LIVE_WORKERS=4
NEW_COMMITTED=579/768 DISCOVERY_PRESERVED=768 LIVE_WORKERS=4
NEW_COMMITTED=580/768 DISCOVERY_PRESERVED=768 LIVE_WORKERS=4
NEW_COMMITTED=580/768 DISCOVERY_PRESERVED=768 LIVE_WORKERS=4
NEW_COMMITTED=581/768 DISCOVERY_PRESERVED=768 LIVE_WORKERS=4
NEW_COMMITTED=584/768 DISCOVERY_PRESERVED=768 LIVE_WORKERS=4
NEW_COMMITTED=584/768 DISCOVERY_PRESERVED=768 LIVE_WORKERS=4
NEW_COMMITTED=585/768 DISCOVERY_PRESERVED=768 LIVE_WORKERS=4
NEW_COMMITTED=587/768 DISCOVERY_PRESERVED=768 LIVE_WORKERS=4
NEW_COMMITTED=588/768 DISCOVERY_PRESERVED=768 LIVE_WORKERS=4
NEW_COMMITTED=588/768 DISCOVERY_PRESERVED=768 LIVE_WORKERS=4
NEW_COMMITTED=590/768 DISCOVERY_PRESERVED=768 LIVE_WORKERS=4
NEW_COMMITTED=592/768 DISCOVERY_PRESERVED=768 LIVE_WORKERS=4
NEW_COMMITTED=592/768 DISCOVERY_PRESERVED=768 LIVE_WORKERS=4
NEW_COMMITTED=593/768 DISCOVERY_PRESERVED=768 LIVE_WORKERS=4
NEW_COMMITTED=596/768 DISCOVERY_PRESERVED=768 LIVE_WORKERS=4
NEW_COMMITTED=596/768 DISCOVERY_PRESERVED=768 LIVE_WORKERS=4
NEW_COMMITTED=597/768 DISCOVERY_PRESERVED=768 LIVE_WORKERS=4
NEW_COMMITTED=598/768 DISCOVERY_PRESERVED=768 LIVE_WORKERS=4
NEW_COMMITTED=600/768 DISCOVERY_PRESERVED=768 LIVE_WORKERS=4
NEW_COMMITTED=602/768 DISCOVERY_PRESERVED=768 LIVE_WORKERS=4
NEW_COMMITTED=602/768 DISCOVERY_PRESERVED=768 LIVE_WORKERS=4
NEW_COMMITTED=603/768 DISCOVERY_PRESERVED=768 LIVE_WORKERS=4
NEW_COMMITTED=605/768 DISCOVERY_PRESERVED=768 LIVE_WORKERS=4
NEW_COMMITTED=606/768 DISCOVERY_PRESERVED=768 LIVE_WORKERS=4
NEW_COMMITTED=607/768 DISCOVERY_PRESERVED=768 LIVE_WORKERS=4
NEW_COMMITTED=609/768 DISCOVERY_PRESERVED=768 LIVE_WORKERS=4
NEW_COMMITTED=609/768 DISCOVERY_PRESERVED=768 LIVE_WORKERS=4
NEW_COMMITTED=610/768 DISCOVERY_PRESERVED=768 LIVE_WORKERS=4
NEW_COMMITTED=612/768 DISCOVERY_PRESERVED=768 LIVE_WORKERS=4
NEW_COMMITTED=613/768 DISCOVERY_PRESERVED=768 LIVE_WORKERS=4
NEW_COMMITTED=613/768 DISCOVERY_PRESERVED=768 LIVE_WORKERS=4
NEW_COMMITTED=615/768 DISCOVERY_PRESERVED=768 LIVE_WORKERS=4
NEW_COMMITTED=617/768 DISCOVERY_PRESERVED=768 LIVE_WORKERS=4
NEW_COMMITTED=617/768 DISCOVERY_PRESERVED=768 LIVE_WORKERS=4
NEW_COMMITTED=619/768 DISCOVERY_PRESERVED=768 LIVE_WORKERS=4
NEW_COMMITTED=621/768 DISCOVERY_PRESERVED=768 LIVE_WORKERS=4
NEW_COMMITTED=621/768 DISCOVERY_PRESERVED=768 LIVE_WORKERS=4
NEW_COMMITTED=623/768 DISCOVERY_PRESERVED=768 LIVE_WORKERS=4
NEW_COMMITTED=624/768 DISCOVERY_PRESERVED=768 LIVE_WORKERS=4
NEW_COMMITTED=625/768 DISCOVERY_PRESERVED=768 LIVE_WORKERS=4
NEW_COMMITTED=625/768 DISCOVERY_PRESERVED=768 LIVE_WORKERS=4
NEW_COMMITTED=626/768 DISCOVERY_PRESERVED=768 LIVE_WORKERS=4
NEW_COMMITTED=629/768 DISCOVERY_PRESERVED=768 LIVE_WORKERS=4
NEW_COMMITTED=629/768 DISCOVERY_PRESERVED=768 LIVE_WORKERS=4
NEW_COMMITTED=630/768 DISCOVERY_PRESERVED=768 LIVE_WORKERS=4
NEW_COMMITTED=633/768 DISCOVERY_PRESERVED=768 LIVE_WORKERS=4
NEW_COMMITTED=633/768 DISCOVERY_PRESERVED=768 LIVE_WORKERS=4
NEW_COMMITTED=634/768 DISCOVERY_PRESERVED=768 LIVE_WORKERS=4
NEW_COMMITTED=637/768 DISCOVERY_PRESERVED=768 LIVE_WORKERS=4
NEW_COMMITTED=637/768 DISCOVERY_PRESERVED=768 LIVE_WORKERS=4
NEW_COMMITTED=639/768 DISCOVERY_PRESERVED=768 LIVE_WORKERS=4
NEW_COMMITTED=641/768 DISCOVERY_PRESERVED=768 LIVE_WORKERS=4
NEW_COMMITTED=643/768 DISCOVERY_PRESERVED=768 LIVE_WORKERS=4
NEW_COMMITTED=643/768 DISCOVERY_PRESERVED=768 LIVE_WORKERS=4
NEW_COMMITTED=644/768 DISCOVERY_PRESERVED=768 LIVE_WORKERS=4
NEW_COMMITTED=646/768 DISCOVERY_PRESERVED=768 LIVE_WORKERS=4
NEW_COMMITTED=648/768 DISCOVERY_PRESERVED=768 LIVE_WORKERS=4
NEW_COMMITTED=648/768 DISCOVERY_PRESERVED=768 LIVE_WORKERS=4
NEW_COMMITTED=649/768 DISCOVERY_PRESERVED=768 LIVE_WORKERS=4
NEW_COMMITTED=652/768 DISCOVERY_PRESERVED=768 LIVE_WORKERS=4
NEW_COMMITTED=652/768 DISCOVERY_PRESERVED=768 LIVE_WORKERS=4
NEW_COMMITTED=656/768 DISCOVERY_PRESERVED=768 LIVE_WORKERS=4
NEW_COMMITTED=656/768 DISCOVERY_PRESERVED=768 LIVE_WORKERS=4
NEW_COMMITTED=659/768 DISCOVERY_PRESERVED=768 LIVE_WORKERS=4
NEW_COMMITTED=660/768 DISCOVERY_PRESERVED=768 LIVE_WORKERS=4
NEW_COMMITTED=661/768 DISCOVERY_PRESERVED=768 LIVE_WORKERS=4
NEW_COMMITTED=663/768 DISCOVERY_PRESERVED=768 LIVE_WORKERS=4
NEW_COMMITTED=664/768 DISCOVERY_PRESERVED=768 LIVE_WORKERS=4
NEW_COMMITTED=666/768 DISCOVERY_PRESERVED=768 LIVE_WORKERS=4
NEW_COMMITTED=667/768 DISCOVERY_PRESERVED=768 LIVE_WORKERS=4
NEW_COMMITTED=669/768 DISCOVERY_PRESERVED=768 LIVE_WORKERS=4
NEW_COMMITTED=670/768 DISCOVERY_PRESERVED=768 LIVE_WORKERS=4
NEW_COMMITTED=672/768 DISCOVERY_PRESERVED=768 LIVE_WORKERS=4
NEW_COMMITTED=675/768 DISCOVERY_PRESERVED=768 LIVE_WORKERS=4
NEW_COMMITTED=677/768 DISCOVERY_PRESERVED=768 LIVE_WORKERS=4
NEW_COMMITTED=678/768 DISCOVERY_PRESERVED=768 LIVE_WORKERS=4
NEW_COMMITTED=680/768 DISCOVERY_PRESERVED=768 LIVE_WORKERS=4
NEW_COMMITTED=681/768 DISCOVERY_PRESERVED=768 LIVE_WORKERS=4
NEW_COMMITTED=683/768 DISCOVERY_PRESERVED=768 LIVE_WORKERS=4
NEW_COMMITTED=684/768 DISCOVERY_PRESERVED=768 LIVE_WORKERS=4
NEW_COMMITTED=687/768 DISCOVERY_PRESERVED=768 LIVE_WORKERS=4
NEW_COMMITTED=687/768 DISCOVERY_PRESERVED=768 LIVE_WORKERS=4
NEW_COMMITTED=690/768 DISCOVERY_PRESERVED=768 LIVE_WORKERS=4
NEW_COMMITTED=690/768 DISCOVERY_PRESERVED=768 LIVE_WORKERS=4
NEW_COMMITTED=693/768 DISCOVERY_PRESERVED=768 LIVE_WORKERS=4
NEW_COMMITTED=694/768 DISCOVERY_PRESERVED=768 LIVE_WORKERS=4
NEW_COMMITTED=695/768 DISCOVERY_PRESERVED=768 LIVE_WORKERS=4
NEW_COMMITTED=698/768 DISCOVERY_PRESERVED=768 LIVE_WORKERS=4
NEW_COMMITTED=698/768 DISCOVERY_PRESERVED=768 LIVE_WORKERS=4
NEW_COMMITTED=700/768 DISCOVERY_PRESERVED=768 LIVE_WORKERS=4
NEW_COMMITTED=702/768 DISCOVERY_PRESERVED=768 LIVE_WORKERS=4
NEW_COMMITTED=704/768 DISCOVERY_PRESERVED=768 LIVE_WORKERS=4
NEW_COMMITTED=704/768 DISCOVERY_PRESERVED=768 LIVE_WORKERS=4
NEW_COMMITTED=706/768 DISCOVERY_PRESERVED=768 LIVE_WORKERS=4
NEW_COMMITTED=707/768 DISCOVERY_PRESERVED=768 LIVE_WORKERS=4
NEW_COMMITTED=708/768 DISCOVERY_PRESERVED=768 LIVE_WORKERS=4
NEW_COMMITTED=710/768 DISCOVERY_PRESERVED=768 LIVE_WORKERS=4
NEW_COMMITTED=710/768 DISCOVERY_PRESERVED=768 LIVE_WORKERS=4
NEW_COMMITTED=712/768 DISCOVERY_PRESERVED=768 LIVE_WORKERS=4
NEW_COMMITTED=713/768 DISCOVERY_PRESERVED=768 LIVE_WORKERS=4
NEW_COMMITTED=713/768 DISCOVERY_PRESERVED=768 LIVE_WORKERS=4
NEW_COMMITTED=715/768 DISCOVERY_PRESERVED=768 LIVE_WORKERS=4
NEW_COMMITTED=717/768 DISCOVERY_PRESERVED=768 LIVE_WORKERS=4
NEW_COMMITTED=717/768 DISCOVERY_PRESERVED=768 LIVE_WORKERS=4
NEW_COMMITTED=717/768 DISCOVERY_PRESERVED=768 LIVE_WORKERS=4
NEW_COMMITTED=721/768 DISCOVERY_PRESERVED=768 LIVE_WORKERS=4
NEW_COMMITTED=721/768 DISCOVERY_PRESERVED=768 LIVE_WORKERS=4
NEW_COMMITTED=721/768 DISCOVERY_PRESERVED=768 LIVE_WORKERS=4
NEW_COMMITTED=724/768 DISCOVERY_PRESERVED=768 LIVE_WORKERS=4
NEW_COMMITTED=725/768 DISCOVERY_PRESERVED=768 LIVE_WORKERS=4
NEW_COMMITTED=725/768 DISCOVERY_PRESERVED=768 LIVE_WORKERS=4
NEW_COMMITTED=728/768 DISCOVERY_PRESERVED=768 LIVE_WORKERS=4
NEW_COMMITTED=729/768 DISCOVERY_PRESERVED=768 LIVE_WORKERS=4
NEW_COMMITTED=729/768 DISCOVERY_PRESERVED=768 LIVE_WORKERS=4
NEW_COMMITTED=731/768 DISCOVERY_PRESERVED=768 LIVE_WORKERS=4
NEW_COMMITTED=733/768 DISCOVERY_PRESERVED=768 LIVE_WORKERS=4
NEW_COMMITTED=733/768 DISCOVERY_PRESERVED=768 LIVE_WORKERS=4
NEW_COMMITTED=735/768 DISCOVERY_PRESERVED=768 LIVE_WORKERS=4
NEW_COMMITTED=737/768 DISCOVERY_PRESERVED=768 LIVE_WORKERS=4
NEW_COMMITTED=737/768 DISCOVERY_PRESERVED=768 LIVE_WORKERS=4
NEW_COMMITTED=738/768 DISCOVERY_PRESERVED=768 LIVE_WORKERS=4
NEW_COMMITTED=740/768 DISCOVERY_PRESERVED=768 LIVE_WORKERS=4
NEW_COMMITTED=741/768 DISCOVERY_PRESERVED=768 LIVE_WORKERS=4
NEW_COMMITTED=742/768 DISCOVERY_PRESERVED=768 LIVE_WORKERS=4
NEW_COMMITTED=744/768 DISCOVERY_PRESERVED=768 LIVE_WORKERS=4
NEW_COMMITTED=745/768 DISCOVERY_PRESERVED=768 LIVE_WORKERS=4
NEW_COMMITTED=746/768 DISCOVERY_PRESERVED=768 LIVE_WORKERS=4
NEW_COMMITTED=748/768 DISCOVERY_PRESERVED=768 LIVE_WORKERS=4
NEW_COMMITTED=749/768 DISCOVERY_PRESERVED=768 LIVE_WORKERS=4
NEW_COMMITTED=750/768 DISCOVERY_PRESERVED=768 LIVE_WORKERS=4
NEW_COMMITTED=752/768 DISCOVERY_PRESERVED=768 LIVE_WORKERS=4
NEW_COMMITTED=753/768 DISCOVERY_PRESERVED=768 LIVE_WORKERS=4
NEW_COMMITTED=753/768 DISCOVERY_PRESERVED=768 LIVE_WORKERS=4
NEW_COMMITTED=755/768 DISCOVERY_PRESERVED=768 LIVE_WORKERS=4
NEW_COMMITTED=757/768 DISCOVERY_PRESERVED=768 LIVE_WORKERS=4
NEW_COMMITTED=757/768 DISCOVERY_PRESERVED=768 LIVE_WORKERS=4
NEW_COMMITTED=759/768 DISCOVERY_PRESERVED=768 LIVE_WORKERS=4
NEW_COMMITTED=761/768 DISCOVERY_PRESERVED=768 LIVE_WORKERS=3
NEW_COMMITTED=761/768 DISCOVERY_PRESERVED=768 LIVE_WORKERS=3
NEW_COMMITTED=763/768 DISCOVERY_PRESERVED=768 LIVE_WORKERS=3
NEW_COMMITTED=764/768 DISCOVERY_PRESERVED=768 LIVE_WORKERS=3
NEW_COMMITTED=764/768 DISCOVERY_PRESERVED=768 LIVE_WORKERS=3
NEW_COMMITTED=766/768 DISCOVERY_PRESERVED=768 LIVE_WORKERS=2
NEW_COMMITTED=767/768 DISCOVERY_PRESERVED=768 LIVE_WORKERS=1
NEW_COMMITTED=767/768 DISCOVERY_PRESERVED=768 LIVE_WORKERS=1
NEW_COMMITTED=767/768 DISCOVERY_PRESERVED=768 LIVE_WORKERS=1
COLLECTION_STATUS=COMPLETE_CONFIRMATION768_COLLECTION_PENDING_REVIEW
NEW_VERIFIED_COMMITTED=768/768
DISCOVERY_PRESERVED=768
TRAINING_RUN=False
LABEL_CONFIRMATION_REVIEW=PENDING
ZIP_VERIFIED=True
BUNDLE=/root/autodl-tmp/minesim_confirmation768_parallel_v1.zip
BUNDLE_SHA256=8255407142680b8323bc3f7fb5932c5810be9bc79c5cac2c724d0fe71b2cd3a1
